Archive member included to satisfy reference by file (symbol)

/home/stha/src/gcc-arm-none-eabi-9-2020-q2-update/bin/../lib/gcc/arm-none-eabi/9.3.1/../../../../arm-none-eabi/lib/thumb/v7e-m/nofp/libc_nano.a(lib_a-exit.o)
                              /home/stha/src/gcc-arm-none-eabi-9-2020-q2-update/bin/../lib/gcc/arm-none-eabi/9.3.1/../../../../arm-none-eabi/lib/thumb/v7e-m/nofp/crt0.o (exit)
/home/stha/src/gcc-arm-none-eabi-9-2020-q2-update/bin/../lib/gcc/arm-none-eabi/9.3.1/../../../../arm-none-eabi/lib/thumb/v7e-m/nofp/libc_nano.a(lib_a-impure.o)
                              /home/stha/src/gcc-arm-none-eabi-9-2020-q2-update/bin/../lib/gcc/arm-none-eabi/9.3.1/../../../../arm-none-eabi/lib/thumb/v7e-m/nofp/libc_nano.a(lib_a-exit.o) (_global_impure_ptr)
/home/stha/src/gcc-arm-none-eabi-9-2020-q2-update/bin/../lib/gcc/arm-none-eabi/9.3.1/../../../../arm-none-eabi/lib/thumb/v7e-m/nofp/libc_nano.a(lib_a-init.o)
                              /home/stha/src/gcc-arm-none-eabi-9-2020-q2-update/bin/../lib/gcc/arm-none-eabi/9.3.1/../../../../arm-none-eabi/lib/thumb/v7e-m/nofp/crt0.o (__libc_init_array)
/home/stha/src/gcc-arm-none-eabi-9-2020-q2-update/bin/../lib/gcc/arm-none-eabi/9.3.1/../../../../arm-none-eabi/lib/thumb/v7e-m/nofp/libc_nano.a(lib_a-memcpy-stub.o)
                              _build/nrf52810_xxaa/nrf_memobj.c.o (memcpy)
/home/stha/src/gcc-arm-none-eabi-9-2020-q2-update/bin/../lib/gcc/arm-none-eabi/9.3.1/../../../../arm-none-eabi/lib/thumb/v7e-m/nofp/libc_nano.a(lib_a-memset.o)
                              /home/stha/src/gcc-arm-none-eabi-9-2020-q2-update/bin/../lib/gcc/arm-none-eabi/9.3.1/../../../../arm-none-eabi/lib/thumb/v7e-m/nofp/crt0.o (memset)
/home/stha/src/gcc-arm-none-eabi-9-2020-q2-update/bin/../lib/gcc/arm-none-eabi/9.3.1/../../../../arm-none-eabi/lib/thumb/v7e-m/nofp/libc_nano.a(lib_a-strlen.o)
                              _build/nrf52810_xxaa/nrf_fprintf_format.c.o (strlen)
/home/stha/src/gcc-arm-none-eabi-9-2020-q2-update/bin/../lib/gcc/arm-none-eabi/9.3.1/../../../../arm-none-eabi/lib/thumb/v7e-m/nofp/libnosys.a(_exit.o)
                              /home/stha/src/gcc-arm-none-eabi-9-2020-q2-update/bin/../lib/gcc/arm-none-eabi/9.3.1/../../../../arm-none-eabi/lib/thumb/v7e-m/nofp/libc_nano.a(lib_a-exit.o) (_exit)

Discarded input sections

 .text          0x0000000000000000        0x0 /home/stha/src/gcc-arm-none-eabi-9-2020-q2-update/bin/../lib/gcc/arm-none-eabi/9.3.1/thumb/v7e-m/nofp/crti.o
 .data          0x0000000000000000        0x0 /home/stha/src/gcc-arm-none-eabi-9-2020-q2-update/bin/../lib/gcc/arm-none-eabi/9.3.1/thumb/v7e-m/nofp/crti.o
 .bss           0x0000000000000000        0x0 /home/stha/src/gcc-arm-none-eabi-9-2020-q2-update/bin/../lib/gcc/arm-none-eabi/9.3.1/thumb/v7e-m/nofp/crti.o
 .data          0x0000000000000000        0x4 /home/stha/src/gcc-arm-none-eabi-9-2020-q2-update/bin/../lib/gcc/arm-none-eabi/9.3.1/thumb/v7e-m/nofp/crtbegin.o
 .data          0x0000000000000000        0x0 /home/stha/src/gcc-arm-none-eabi-9-2020-q2-update/bin/../lib/gcc/arm-none-eabi/9.3.1/../../../../arm-none-eabi/lib/thumb/v7e-m/nofp/crt0.o
 .bss           0x0000000000000000        0x0 /home/stha/src/gcc-arm-none-eabi-9-2020-q2-update/bin/../lib/gcc/arm-none-eabi/9.3.1/../../../../arm-none-eabi/lib/thumb/v7e-m/nofp/crt0.o
 .ARM.extab     0x0000000000000000        0x0 /home/stha/src/gcc-arm-none-eabi-9-2020-q2-update/bin/../lib/gcc/arm-none-eabi/9.3.1/../../../../arm-none-eabi/lib/thumb/v7e-m/nofp/crt0.o
 .data          0x0000000000000000        0x0 _build/nrf52810_xxaa/gcc_startup_nrf52810.S.o
 .bss           0x0000000000000000        0x0 _build/nrf52810_xxaa/gcc_startup_nrf52810.S.o
 .group         0x0000000000000000        0xc _build/nrf52810_xxaa/nrf_log_frontend.c.o
 .group         0x0000000000000000        0xc _build/nrf52810_xxaa/nrf_log_frontend.c.o
 .group         0x0000000000000000        0xc _build/nrf52810_xxaa/nrf_log_frontend.c.o
 .group         0x0000000000000000        0xc _build/nrf52810_xxaa/nrf_log_frontend.c.o
 .group         0x0000000000000000        0xc _build/nrf52810_xxaa/nrf_log_frontend.c.o
 .group         0x0000000000000000        0xc _build/nrf52810_xxaa/nrf_log_frontend.c.o
 .group         0x0000000000000000        0xc _build/nrf52810_xxaa/nrf_log_frontend.c.o
 .group         0x0000000000000000        0xc _build/nrf52810_xxaa/nrf_log_frontend.c.o
 .group         0x0000000000000000        0xc _build/nrf52810_xxaa/nrf_log_frontend.c.o
 .group         0x0000000000000000        0xc _build/nrf52810_xxaa/nrf_log_frontend.c.o
 .group         0x0000000000000000        0xc _build/nrf52810_xxaa/nrf_log_frontend.c.o
 .group         0x0000000000000000        0xc _build/nrf52810_xxaa/nrf_log_frontend.c.o
 .group         0x0000000000000000        0xc _build/nrf52810_xxaa/nrf_log_frontend.c.o
 .group         0x0000000000000000        0xc _build/nrf52810_xxaa/nrf_log_frontend.c.o
 .group         0x0000000000000000        0xc _build/nrf52810_xxaa/nrf_log_frontend.c.o
[...]
Memory Configuration

Name             Origin             Length             Attributes
FLASH            0x0000000000000000 0x0000000000030000 xr
RAM              0x0000000020000000 0x0000000000006000 xrw
*default*        0x0000000000000000 0xffffffffffffffff

Linker script and memory map


.text           0x0000000000000000      0x7ec
 *(.isr_vector)
 .isr_vector    0x0000000000000000      0x200 _build/nrf52810_xxaa/gcc_startup_nrf52810.S.o
                0x0000000000000000                __isr_vector
 *(.text*)
 .text          0x0000000000000200       0x40 /home/stha/src/gcc-arm-none-eabi-9-2020-q2-update/bin/../lib/gcc/arm-none-eabi/9.3.1/thumb/v7e-m/nofp/crtbegin.o
 .text          0x0000000000000240       0x7c /home/stha/src/gcc-arm-none-eabi-9-2020-q2-update/bin/../lib/gcc/arm-none-eabi/9.3.1/../../../../arm-none-eabi/lib/thumb/v7e-m/nofp/crt0.o
                0x0000000000000240                _stack_init
                0x0000000000000248                _mainCRTStartup
                0x0000000000000248                _start
 .text          0x00000000000002bc       0x68 _build/nrf52810_xxaa/gcc_startup_nrf52810.S.o
                0x00000000000002bc                Reset_Handler
                0x0000000000000310                NMI_Handler
                0x0000000000000312                HardFault_Handler
                0x0000000000000314                MemoryManagement_Handler
                0x0000000000000316                BusFault_Handler
                0x0000000000000318                UsageFault_Handler
                0x000000000000031a                SVC_Handler
                0x000000000000031c                DebugMon_Handler
                0x000000000000031e                PendSV_Handler
                0x0000000000000320                SysTick_Handler
                0x0000000000000322                TIMER2_IRQHandler
                0x0000000000000322                RTC0_IRQHandler
                0x0000000000000322                SWI0_EGU0_IRQHandler
                0x0000000000000322                GPIOTE_IRQHandler
                0x0000000000000322                POWER_CLOCK_IRQHandler
                0x0000000000000322                RADIO_IRQHandler
                0x0000000000000322                PDM_IRQHandler
                0x0000000000000322                SWI4_IRQHandler
                0x0000000000000322                TEMP_IRQHandler
                0x0000000000000322                QDEC_IRQHandler
                0x0000000000000322                UARTE0_UART0_IRQHandler
                0x0000000000000322                SWI5_IRQHandler
                0x0000000000000322                TIMER0_IRQHandler
                0x0000000000000322                TIMER1_IRQHandler
                0x0000000000000322                ECB_IRQHandler
                0x0000000000000322                Default_Handler
                0x0000000000000322                SWI3_IRQHandler
                0x0000000000000322                SPIM0_SPIS0_SPI0_IRQHandler
                0x0000000000000322                SAADC_IRQHandler
                0x0000000000000322                CCM_AAR_IRQHandler
                0x0000000000000322                WDT_IRQHandler
                0x0000000000000322                SWI2_IRQHandler
                0x0000000000000322                RNG_IRQHandler
                0x0000000000000322                COMP_IRQHandler
                0x0000000000000322                PWM0_IRQHandler
                0x0000000000000322                RTC1_IRQHandler
                0x0000000000000322                SWI1_EGU1_IRQHandler
                0x0000000000000322                TWIM0_TWIS0_TWI0_IRQHandler
 .text.startup.main
                0x0000000000000324       0x34 _build/nrf52810_xxaa/main.c.o
                0x0000000000000324                main
 .text.__NVIC_SystemReset
                0x0000000000000358       0x24 _build/nrf52810_xxaa/system_nrf52810.c.o
 .text.SystemInit
                0x000000000000037c      0x3c0 _build/nrf52810_xxaa/system_nrf52810.c.o
                0x000000000000037c                SystemInit
 .text.exit     0x000000000000073c       0x28 /home/stha/src/gcc-arm-none-eabi-9-2020-q2-update/bin/../lib/gcc/arm-none-eabi/9.3.1/../../../../arm-none-eabi/lib/thumb/v7e-m/nofp/libc_nano.a(lib_a-exit.o)
                0x000000000000073c                exit
 .text.__libc_init_array
                0x0000000000000764       0x48 /home/stha/src/gcc-arm-none-eabi-9-2020-q2-update/bin/../lib/gcc/arm-none-eabi/9.3.1/../../../../arm-none-eabi/lib/thumb/v7e-m/nofp/libc_nano.a(lib_a-init.o)
                0x0000000000000764                __libc_init_array
 .text.memset   0x00000000000007ac       0x10 /home/stha/src/gcc-arm-none-eabi-9-2020-q2-update/bin/../lib/gcc/arm-none-eabi/9.3.1/../../../../arm-none-eabi/lib/thumb/v7e-m/nofp/libc_nano.a(lib_a-memset.o)
                0x00000000000007ac                memset
 .text._exit    0x00000000000007bc        0x4 /home/stha/src/gcc-arm-none-eabi-9-2020-q2-update/bin/../lib/gcc/arm-none-eabi/9.3.1/../../../../arm-none-eabi/lib/thumb/v7e-m/nofp/libnosys.a(_exit.o)
                0x00000000000007bc                _exit
 *(.init)
 .init          0x00000000000007c0        0x4 /home/stha/src/gcc-arm-none-eabi-9-2020-q2-update/bin/../lib/gcc/arm-none-eabi/9.3.1/thumb/v7e-m/nofp/crti.o
                0x00000000000007c0                _init
 .init          0x00000000000007c4        0x8 /home/stha/src/gcc-arm-none-eabi-9-2020-q2-update/bin/../lib/gcc/arm-none-eabi/9.3.1/thumb/v7e-m/nofp/crtn.o
 *(.fini)
 .fini          0x00000000000007cc        0x4 /home/stha/src/gcc-arm-none-eabi-9-2020-q2-update/bin/../lib/gcc/arm-none-eabi/9.3.1/thumb/v7e-m/nofp/crti.o
                0x00000000000007cc                _fini
 .fini          0x00000000000007d0        0x8 /home/stha/src/gcc-arm-none-eabi-9-2020-q2-update/bin/../lib/gcc/arm-none-eabi/9.3.1/thumb/v7e-m/nofp/crtn.o
 *crtbegin.o(.ctors)
 *crtbegin?.o(.ctors)
 *(EXCLUDE_FILE(*crtend.o *crtend?.o) .ctors)
 *(SORT_BY_NAME(.ctors.*))
 *(.ctors)
 *crtbegin.o(.dtors)
 *crtbegin?.o(.dtors)
 *(EXCLUDE_FILE(*crtend.o *crtend?.o) .dtors)
 *(SORT_BY_NAME(.dtors.*))
 *(.dtors)
 *(.rodata*)
 .rodata.CSWTCH.14
                0x00000000000007d8        0x4 _build/nrf52810_xxaa/system_nrf52810.c.o
 .rodata.CSWTCH.19
                0x00000000000007dc        0x4 _build/nrf52810_xxaa/system_nrf52810.c.o
 .rodata.CSWTCH.4
                0x00000000000007e0        0x4 _build/nrf52810_xxaa/system_nrf52810.c.o
 .rodata._global_impure_ptr
                0x00000000000007e4        0x4 /home/stha/src/gcc-arm-none-eabi-9-2020-q2-update/bin/../lib/gcc/arm-none-eabi/9.3.1/../../../../arm-none-eabi/lib/thumb/v7e-m/nofp/libc_nano.a(lib_a-impure.o)
                0x00000000000007e4                _global_impure_ptr
 *(.eh_frame*)
 .eh_frame      0x00000000000007e8        0x0 /home/stha/src/gcc-arm-none-eabi-9-2020-q2-update/bin/../lib/gcc/arm-none-eabi/9.3.1/thumb/v7e-m/nofp/crtbegin.o
 .eh_frame      0x00000000000007e8        0x4 /home/stha/src/gcc-arm-none-eabi-9-2020-q2-update/bin/../lib/gcc/arm-none-eabi/9.3.1/thumb/v7e-m/nofp/crtend.o

.glue_7         0x00000000000007ec        0x0
 .glue_7        0x00000000000007ec        0x0 linker stubs

.glue_7t        0x00000000000007ec        0x0
 .glue_7t       0x00000000000007ec        0x0 linker stubs

.vfp11_veneer   0x00000000000007ec        0x0
 .vfp11_veneer  0x00000000000007ec        0x0 linker stubs

.v4_bx          0x00000000000007ec        0x0
 .v4_bx         0x00000000000007ec        0x0 linker stubs

.iplt           0x00000000000007ec        0x0
 .iplt          0x00000000000007ec        0x0 /home/stha/src/gcc-arm-none-eabi-9-2020-q2-update/bin/../lib/gcc/arm-none-eabi/9.3.1/thumb/v7e-m/nofp/crtbegin.o

.mem_section_dummy_rom

.log_const_data
                0x00000000000007ec        0x0
                [!provide]                        PROVIDE (__start_log_const_data = .)
 *(SORT_BY_NAME(.log_const_data*))
                [!provide]                        PROVIDE (__stop_log_const_data = .)

.log_backends   0x00000000000007ec        0x0
                [!provide]                        PROVIDE (__start_log_backends = .)
 *(SORT_BY_NAME(.log_backends*))
                [!provide]                        PROVIDE (__stop_log_backends = .)

.nrf_balloc     0x00000000000007ec        0x0
                [!provide]                        PROVIDE (__start_nrf_balloc = .)
 *(.nrf_balloc)
                [!provide]                        PROVIDE (__stop_nrf_balloc = .)

.ARM.extab
 *(.ARM.extab* .gnu.linkonce.armextab.*)
                0x00000000000007ec                __exidx_start = .

.ARM.exidx      0x00000000000007ec        0x8
 *(.ARM.exidx* .gnu.linkonce.armexidx.*)
 .ARM.exidx     0x00000000000007ec        0x8 /home/stha/src/gcc-arm-none-eabi-9-2020-q2-update/bin/../lib/gcc/arm-none-eabi/9.3.1/../../../../arm-none-eabi/lib/thumb/v7e-m/nofp/crt0.o
                                         0x10 (size before relaxing)
                0x00000000000007f4                __exidx_end = .

.rel.dyn        0x00000000000007f4        0x0
 .rel.iplt      0x00000000000007f4        0x0 /home/stha/src/gcc-arm-none-eabi-9-2020-q2-update/bin/../lib/gcc/arm-none-eabi/9.3.1/thumb/v7e-m/nofp/crtbegin.o
                0x00000000000007f4                . = ALIGN (0x4)
                0x00000000000007f4                __etext = .

.data           0x0000000020000000       0x6c load address 0x00000000000007f4
                0x0000000020000000                __data_start__ = .
 *(vtable)
 *(.data*)
 .data.SystemCoreClock
                0x0000000020000000        0x4 _build/nrf52810_xxaa/system_nrf52810.c.o
                0x0000000020000000                SystemCoreClock
 .data.impure_data
                0x0000000020000004       0x60 /home/stha/src/gcc-arm-none-eabi-9-2020-q2-update/bin/../lib/gcc/arm-none-eabi/9.3.1/../../../../arm-none-eabi/lib/thumb/v7e-m/nofp/libc_nano.a(lib_a-impure.o)
                0x0000000020000064                . = ALIGN (0x4)
                0x0000000020000064                PROVIDE (__preinit_array_start = .)
 *(.preinit_array)
                0x0000000020000064                PROVIDE (__preinit_array_end = .)
                0x0000000020000064                . = ALIGN (0x4)
                0x0000000020000064                PROVIDE (__init_array_start = .)
 *(SORT_BY_NAME(.init_array.*))
 *(.init_array)
 .init_array    0x0000000020000064        0x4 /home/stha/src/gcc-arm-none-eabi-9-2020-q2-update/bin/../lib/gcc/arm-none-eabi/9.3.1/thumb/v7e-m/nofp/crtbegin.o
                0x0000000020000068                PROVIDE (__init_array_end = .)
                0x0000000020000068                . = ALIGN (0x4)
                [!provide]                        PROVIDE (__fini_array_start = .)
 *(SORT_BY_NAME(.fini_array.*))
 *(.fini_array)
 .fini_array    0x0000000020000068        0x4 /home/stha/src/gcc-arm-none-eabi-9-2020-q2-update/bin/../lib/gcc/arm-none-eabi/9.3.1/thumb/v7e-m/nofp/crtbegin.o
                [!provide]                        PROVIDE (__fini_array_end = .)
 *(.jcr*)
                0x000000002000006c                . = ALIGN (0x4)
                0x000000002000006c                __data_end__ = .
LOAD /home/stha/src/gcc-arm-none-eabi-9-2020-q2-update/bin/../lib/gcc/arm-none-eabi/9.3.1/thumb/v7e-m/nofp/crti.o
LOAD /home/stha/src/gcc-arm-none-eabi-9-2020-q2-update/bin/../lib/gcc/arm-none-eabi/9.3.1/thumb/v7e-m/nofp/crtbegin.o
LOAD /home/stha/src/gcc-arm-none-eabi-9-2020-q2-update/bin/../lib/gcc/arm-none-eabi/9.3.1/../../../../arm-none-eabi/lib/thumb/v7e-m/nofp/crt0.o
LOAD _build/nrf52810_xxaa/gcc_startup_nrf52810.S.o
LOAD _build/nrf52810_xxaa/nrf_log_frontend.c.o
LOAD _build/nrf52810_xxaa/nrf_log_str_formatter.c.o
LOAD _build/nrf52810_xxaa/boards.c.o
LOAD _build/nrf52810_xxaa/app_error.c.o
LOAD _build/nrf52810_xxaa/app_error_handler_gcc.c.o
LOAD _build/nrf52810_xxaa/app_error_weak.c.o
LOAD _build/nrf52810_xxaa/app_util_platform.c.o
LOAD _build/nrf52810_xxaa/nrf_assert.c.o
LOAD _build/nrf52810_xxaa/nrf_atomic.c.o
LOAD _build/nrf52810_xxaa/nrf_balloc.c.o
LOAD _build/nrf52810_xxaa/nrf_fprintf.c.o
LOAD _build/nrf52810_xxaa/nrf_fprintf_format.c.o
LOAD _build/nrf52810_xxaa/nrf_memobj.c.o
LOAD _build/nrf52810_xxaa/nrf_ringbuf.c.o
LOAD _build/nrf52810_xxaa/nrf_strerror.c.o
LOAD _build/nrf52810_xxaa/nrfx_atomic.c.o
LOAD _build/nrf52810_xxaa/main.c.o
LOAD _build/nrf52810_xxaa/system_nrf52810.c.o
LOAD /home/stha/src/gcc-arm-none-eabi-9-2020-q2-update/bin/../lib/gcc/arm-none-eabi/9.3.1/../../../../arm-none-eabi/lib/thumb/v7e-m/nofp/libc_nano.a
LOAD /home/stha/src/gcc-arm-none-eabi-9-2020-q2-update/bin/../lib/gcc/arm-none-eabi/9.3.1/../../../../arm-none-eabi/lib/thumb/v7e-m/nofp/libnosys.a
LOAD /home/stha/src/gcc-arm-none-eabi-9-2020-q2-update/bin/../lib/gcc/arm-none-eabi/9.3.1/../../../../arm-none-eabi/lib/thumb/v7e-m/nofp/libm.a
START GROUP
LOAD /home/stha/src/gcc-arm-none-eabi-9-2020-q2-update/bin/../lib/gcc/arm-none-eabi/9.3.1/thumb/v7e-m/nofp/libgcc.a
LOAD /home/stha/src/gcc-arm-none-eabi-9-2020-q2-update/bin/../lib/gcc/arm-none-eabi/9.3.1/../../../../arm-none-eabi/lib/thumb/v7e-m/nofp/libg_nano.a
LOAD /home/stha/src/gcc-arm-none-eabi-9-2020-q2-update/bin/../lib/gcc/arm-none-eabi/9.3.1/../../../../arm-none-eabi/lib/thumb/v7e-m/nofp/libc_nano.a
END GROUP
START GROUP
LOAD /home/stha/src/gcc-arm-none-eabi-9-2020-q2-update/bin/../lib/gcc/arm-none-eabi/9.3.1/thumb/v7e-m/nofp/libgcc.a
LOAD /home/stha/src/gcc-arm-none-eabi-9-2020-q2-update/bin/../lib/gcc/arm-none-eabi/9.3.1/../../../../arm-none-eabi/lib/thumb/v7e-m/nofp/libc_nano.a
END GROUP
LOAD /home/stha/src/gcc-arm-none-eabi-9-2020-q2-update/bin/../lib/gcc/arm-none-eabi/9.3.1/thumb/v7e-m/nofp/crtend.o
LOAD /home/stha/src/gcc-arm-none-eabi-9-2020-q2-update/bin/../lib/gcc/arm-none-eabi/9.3.1/thumb/v7e-m/nofp/crtn.o
START GROUP
LOAD /home/stha/src/gcc-arm-none-eabi-9-2020-q2-update/bin/../lib/gcc/arm-none-eabi/9.3.1/thumb/v7e-m/nofp/libgcc.a
LOAD /home/stha/src/gcc-arm-none-eabi-9-2020-q2-update/bin/../lib/gcc/arm-none-eabi/9.3.1/../../../../arm-none-eabi/lib/thumb/v7e-m/nofp/libc.a
LOAD /home/stha/src/gcc-arm-none-eabi-9-2020-q2-update/bin/../lib/gcc/arm-none-eabi/9.3.1/../../../../arm-none-eabi/lib/thumb/v7e-m/nofp/libnosys.a
END GROUP

.igot.plt       0x000000002000006c        0x0 load address 0x0000000000000860
 .igot.plt      0x000000002000006c        0x0 /home/stha/src/gcc-arm-none-eabi-9-2020-q2-update/bin/../lib/gcc/arm-none-eabi/9.3.1/thumb/v7e-m/nofp/crtbegin.o
                0x000000002000006c                . = ALIGN (0x4)

.mem_section_dummy_ram

.log_dynamic_data
                0x000000002000006c        0x0
                [!provide]                        PROVIDE (__start_log_dynamic_data = .)
 *(SORT_BY_NAME(.log_dynamic_data*))
                [!provide]                        PROVIDE (__stop_log_dynamic_data = .)

.log_filter_data
                0x000000002000006c        0x0
                [!provide]                        PROVIDE (__start_log_filter_data = .)
 *(SORT_BY_NAME(.log_filter_data*))
                [!provide]                        PROVIDE (__stop_log_filter_data = .)

.bss            0x000000002000006c       0x1c load address 0x0000000000000860
                0x000000002000006c                . = ALIGN (0x4)
                0x000000002000006c                __bss_start__ = .
 *(.bss*)
 .bss           0x000000002000006c       0x1c /home/stha/src/gcc-arm-none-eabi-9-2020-q2-update/bin/../lib/gcc/arm-none-eabi/9.3.1/thumb/v7e-m/nofp/crtbegin.o
 *(COMMON)
                0x0000000020000088                . = ALIGN (0x4)
                0x0000000020000088                __bss_end__ = .

.heap           0x0000000020000088      0x800
                0x0000000020000088                __HeapBase = .
                0x0000000020000088                __end__ = .
                [!provide]                        PROVIDE (end = .)
 *(.heap*)
 .heap          0x0000000020000088      0x800 _build/nrf52810_xxaa/gcc_startup_nrf52810.S.o
                0x0000000020000888                __HeapLimit = .

.stack_dummy    0x0000000020000088      0x800
 *(.stack*)
 .stack         0x0000000020000088      0x800 _build/nrf52810_xxaa/gcc_startup_nrf52810.S.o
                0x0000000020006000                __StackTop = (ORIGIN (RAM) + LENGTH (RAM))
                0x0000000020005800                __StackLimit = (__StackTop - SIZEOF (.stack_dummy))
                0x0000000020006000                PROVIDE (__stack = __StackTop)
                0x0000000000000001                ASSERT ((__StackLimit >= __HeapLimit), region RAM overflowed with stack)
                0x000000000000006c                DataInitFlashUsed = (__bss_start__ - __data_start__)
                0x00000000000007f4                CodeFlashUsed = (__etext - ORIGIN (FLASH))
                0x0000000000000860                TotalFlashUsed = (CodeFlashUsed + DataInitFlashUsed)
                0x0000000000000001                ASSERT ((TotalFlashUsed <= LENGTH (FLASH)), region FLASH overflowed with .data and user data)
OUTPUT(_build/nrf52810_xxaa.out elf32-littlearm)
LOAD linker stubs

.ARM.attributes
                0x0000000000000000       0x2a
 .ARM.attributes
                0x0000000000000000       0x1e /home/stha/src/gcc-arm-none-eabi-9-2020-q2-update/bin/../lib/gcc/arm-none-eabi/9.3.1/thumb/v7e-m/nofp/crti.o
 .ARM.attributes
                0x000000000000001e       0x2e /home/stha/src/gcc-arm-none-eabi-9-2020-q2-update/bin/../lib/gcc/arm-none-eabi/9.3.1/thumb/v7e-m/nofp/crtbegin.o
 .ARM.attributes
                0x000000000000004c       0x1c /home/stha/src/gcc-arm-none-eabi-9-2020-q2-update/bin/../lib/gcc/arm-none-eabi/9.3.1/../../../../arm-none-eabi/lib/thumb/v7e-m/nofp/crt0.o
 .ARM.attributes
                0x0000000000000068       0x1c _build/nrf52810_xxaa/gcc_startup_nrf52810.S.o
 .ARM.attributes
                0x0000000000000084       0x2e _build/nrf52810_xxaa/main.c.o
 .ARM.attributes
                0x00000000000000b2       0x2e _build/nrf52810_xxaa/system_nrf52810.c.o
 .ARM.attributes
                0x00000000000000e0       0x2e /home/stha/src/gcc-arm-none-eabi-9-2020-q2-update/bin/../lib/gcc/arm-none-eabi/9.3.1/../../../../arm-none-eabi/lib/thumb/v7e-m/nofp/libc_nano.a(lib_a-exit.o)
 .ARM.attributes
                0x000000000000010e       0x2e /home/stha/src/gcc-arm-none-eabi-9-2020-q2-update/bin/../lib/gcc/arm-none-eabi/9.3.1/../../../../arm-none-eabi/lib/thumb/v7e-m/nofp/libc_nano.a(lib_a-impure.o)
 .ARM.attributes
                0x000000000000013c       0x2e /home/stha/src/gcc-arm-none-eabi-9-2020-q2-update/bin/../lib/gcc/arm-none-eabi/9.3.1/../../../../arm-none-eabi/lib/thumb/v7e-m/nofp/libc_nano.a(lib_a-init.o)
 .ARM.attributes
                0x000000000000016a       0x2e /home/stha/src/gcc-arm-none-eabi-9-2020-q2-update/bin/../lib/gcc/arm-none-eabi/9.3.1/../../../../arm-none-eabi/lib/thumb/v7e-m/nofp/libc_nano.a(lib_a-memset.o)
 .ARM.attributes
                0x0000000000000198       0x2e /home/stha/src/gcc-arm-none-eabi-9-2020-q2-update/bin/../lib/gcc/arm-none-eabi/9.3.1/../../../../arm-none-eabi/lib/thumb/v7e-m/nofp/libnosys.a(_exit.o)
 .ARM.attributes
                0x00000000000001c6       0x2e /home/stha/src/gcc-arm-none-eabi-9-2020-q2-update/bin/../lib/gcc/arm-none-eabi/9.3.1/thumb/v7e-m/nofp/crtend.o
 .ARM.attributes
                0x00000000000001f4       0x1e /home/stha/src/gcc-arm-none-eabi-9-2020-q2-update/bin/../lib/gcc/arm-none-eabi/9.3.1/thumb/v7e-m/nofp/crtn.o

.comment        0x0000000000000000       0x4c
 .comment       0x0000000000000000       0x4c _build/nrf52810_xxaa/main.c.o
                                         0x4d (size before relaxing)
 .comment       0x000000000000004c       0x4d _build/nrf52810_xxaa/system_nrf52810.c.o

.debug_line     0x0000000000000000      0xed7
 .debug_line    0x0000000000000000       0xa0 _build/nrf52810_xxaa/gcc_startup_nrf52810.S.o
 .debug_line    0x00000000000000a0      0x3a7 _build/nrf52810_xxaa/main.c.o
 .debug_line    0x0000000000000447      0xa90 _build/nrf52810_xxaa/system_nrf52810.c.o

.debug_info     0x0000000000000000     0x1923
 .debug_info    0x0000000000000000       0x26 _build/nrf52810_xxaa/gcc_startup_nrf52810.S.o
 .debug_info    0x0000000000000026      0x3d2 _build/nrf52810_xxaa/main.c.o
 .debug_info    0x00000000000003f8     0x152b _build/nrf52810_xxaa/system_nrf52810.c.o

.debug_abbrev   0x0000000000000000      0x3c9
 .debug_abbrev  0x0000000000000000       0x14 _build/nrf52810_xxaa/gcc_startup_nrf52810.S.o
 .debug_abbrev  0x0000000000000014      0x138 _build/nrf52810_xxaa/main.c.o
 .debug_abbrev  0x000000000000014c      0x27d _build/nrf52810_xxaa/system_nrf52810.c.o

.debug_aranges  0x0000000000000000       0x70
 .debug_aranges
                0x0000000000000000       0x20 _build/nrf52810_xxaa/gcc_startup_nrf52810.S.o
 .debug_aranges
                0x0000000000000020       0x20 _build/nrf52810_xxaa/main.c.o
 .debug_aranges
                0x0000000000000040       0x30 _build/nrf52810_xxaa/system_nrf52810.c.o

.debug_str      0x0000000000000000    0x4e8e5
 .debug_str     0x0000000000000000       0x90 _build/nrf52810_xxaa/gcc_startup_nrf52810.S.o
 .debug_str     0x0000000000000090    0x4e2e0 _build/nrf52810_xxaa/main.c.o
                                      0x4e4a0 (size before relaxing)
 .debug_str     0x000000000004e370      0x575 _build/nrf52810_xxaa/system_nrf52810.c.o
                                      0x4ea21 (size before relaxing)

.debug_ranges   0x0000000000000000      0x128
 .debug_ranges  0x0000000000000000       0x10 _build/nrf52810_xxaa/main.c.o
 .debug_ranges  0x0000000000000010      0x118 _build/nrf52810_xxaa/system_nrf52810.c.o

.debug_macro    0x0000000000000000      0x23d
 .debug_macro   0x0000000000000000      0x101 _build/nrf52810_xxaa/main.c.o
 .debug_macro   0x0000000000000101      0x13c _build/nrf52810_xxaa/system_nrf52810.c.o

.debug_frame    0x0000000000000000      0x100
 .debug_frame   0x0000000000000000       0x20 _build/nrf52810_xxaa/main.c.o
 .debug_frame   0x0000000000000020       0x4c _build/nrf52810_xxaa/system_nrf52810.c.o
 .debug_frame   0x000000000000006c       0x28 /home/stha/src/gcc-arm-none-eabi-9-2020-q2-update/bin/../lib/gcc/arm-none-eabi/9.3.1/../../../../arm-none-eabi/lib/thumb/v7e-m/nofp/libc_nano.a(lib_a-exit.o)
 .debug_frame   0x0000000000000094       0x2c /home/stha/src/gcc-arm-none-eabi-9-2020-q2-update/bin/../lib/gcc/arm-none-eabi/9.3.1/../../../../arm-none-eabi/lib/thumb/v7e-m/nofp/libc_nano.a(lib_a-init.o)
 .debug_frame   0x00000000000000c0       0x20 /home/stha/src/gcc-arm-none-eabi-9-2020-q2-update/bin/../lib/gcc/arm-none-eabi/9.3.1/../../../../arm-none-eabi/lib/thumb/v7e-m/nofp/libc_nano.a(lib_a-memset.o)
 .debug_frame   0x00000000000000e0       0x20 /home/stha/src/gcc-arm-none-eabi-9-2020-q2-update/bin/../lib/gcc/arm-none-eabi/9.3.1/../../../../arm-none-eabi/lib/thumb/v7e-m/nofp/libnosys.a(_exit.o)

.debug_loc      0x0000000000000000      0x452
 .debug_loc     0x0000000000000000      0x452 _build/nrf52810_xxaa/system_nrf52810.c.o
