Archive member included to satisfy reference by file (symbol)

/home/stha/src/gcc-arm-none-eabi-9-2020-q2-update/bin/../lib/gcc/arm-none-eabi/9.3.1/../../../../arm-none-eabi/lib/thumb/v7e-m+fp/hard/libc_nano.a(lib_a-exit.o)
                              /home/stha/src/gcc-arm-none-eabi-9-2020-q2-update/bin/../lib/gcc/arm-none-eabi/9.3.1/../../../../arm-none-eabi/lib/thumb/v7e-m+fp/hard/crt0.o (exit)
/home/stha/src/gcc-arm-none-eabi-9-2020-q2-update/bin/../lib/gcc/arm-none-eabi/9.3.1/../../../../arm-none-eabi/lib/thumb/v7e-m+fp/hard/libc_nano.a(lib_a-impure.o)
                              /home/stha/src/gcc-arm-none-eabi-9-2020-q2-update/bin/../lib/gcc/arm-none-eabi/9.3.1/../../../../arm-none-eabi/lib/thumb/v7e-m+fp/hard/libc_nano.a(lib_a-exit.o) (_global_impure_ptr)
/home/stha/src/gcc-arm-none-eabi-9-2020-q2-update/bin/../lib/gcc/arm-none-eabi/9.3.1/../../../../arm-none-eabi/lib/thumb/v7e-m+fp/hard/libc_nano.a(lib_a-init.o)
                              /home/stha/src/gcc-arm-none-eabi-9-2020-q2-update/bin/../lib/gcc/arm-none-eabi/9.3.1/../../../../arm-none-eabi/lib/thumb/v7e-m+fp/hard/crt0.o (__libc_init_array)
/home/stha/src/gcc-arm-none-eabi-9-2020-q2-update/bin/../lib/gcc/arm-none-eabi/9.3.1/../../../../arm-none-eabi/lib/thumb/v7e-m+fp/hard/libc_nano.a(lib_a-memcpy-stub.o)
                              _build/nrf52832_xxaa/nrf_memobj.c.o (memcpy)
/home/stha/src/gcc-arm-none-eabi-9-2020-q2-update/bin/../lib/gcc/arm-none-eabi/9.3.1/../../../../arm-none-eabi/lib/thumb/v7e-m+fp/hard/libc_nano.a(lib_a-memset.o)
                              /home/stha/src/gcc-arm-none-eabi-9-2020-q2-update/bin/../lib/gcc/arm-none-eabi/9.3.1/../../../../arm-none-eabi/lib/thumb/v7e-m+fp/hard/crt0.o (memset)
/home/stha/src/gcc-arm-none-eabi-9-2020-q2-update/bin/../lib/gcc/arm-none-eabi/9.3.1/../../../../arm-none-eabi/lib/thumb/v7e-m+fp/hard/libc_nano.a(lib_a-strlen.o)
                              _build/nrf52832_xxaa/nrf_fprintf_format.c.o (strlen)
/home/stha/src/gcc-arm-none-eabi-9-2020-q2-update/bin/../lib/gcc/arm-none-eabi/9.3.1/../../../../arm-none-eabi/lib/thumb/v7e-m+fp/hard/libnosys.a(_exit.o)
                              /home/stha/src/gcc-arm-none-eabi-9-2020-q2-update/bin/../lib/gcc/arm-none-eabi/9.3.1/../../../../arm-none-eabi/lib/thumb/v7e-m+fp/hard/libc_nano.a(lib_a-exit.o) (_exit)

Discarded input sections

 .text          0x0000000000000000        0x0 /home/stha/src/gcc-arm-none-eabi-9-2020-q2-update/bin/../lib/gcc/arm-none-eabi/9.3.1/thumb/v7e-m+fp/hard/crti.o
 .data          0x0000000000000000        0x0 /home/stha/src/gcc-arm-none-eabi-9-2020-q2-update/bin/../lib/gcc/arm-none-eabi/9.3.1/thumb/v7e-m+fp/hard/crti.o
 .bss           0x0000000000000000        0x0 /home/stha/src/gcc-arm-none-eabi-9-2020-q2-update/bin/../lib/gcc/arm-none-eabi/9.3.1/thumb/v7e-m+fp/hard/crti.o
 .data          0x0000000000000000        0x4 /home/stha/src/gcc-arm-none-eabi-9-2020-q2-update/bin/../lib/gcc/arm-none-eabi/9.3.1/thumb/v7e-m+fp/hard/crtbegin.o
 .data          0x0000000000000000        0x0 /home/stha/src/gcc-arm-none-eabi-9-2020-q2-update/bin/../lib/gcc/arm-none-eabi/9.3.1/../../../../arm-none-eabi/lib/thumb/v7e-m+fp/hard/crt0.o
 .bss           0x0000000000000000        0x0 /home/stha/src/gcc-arm-none-eabi-9-2020-q2-update/bin/../lib/gcc/arm-none-eabi/9.3.1/../../../../arm-none-eabi/lib/thumb/v7e-m+fp/hard/crt0.o
 .ARM.extab     0x0000000000000000        0x0 /home/stha/src/gcc-arm-none-eabi-9-2020-q2-update/bin/../lib/gcc/arm-none-eabi/9.3.1/../../../../arm-none-eabi/lib/thumb/v7e-m+fp/hard/crt0.o
 .data          0x0000000000000000        0x0 _build/nrf52832_xxaa/gcc_startup_nrf52.S.o
 .bss           0x0000000000000000        0x0 _build/nrf52832_xxaa/gcc_startup_nrf52.S.o
 .group         0x0000000000000000        0xc _build/nrf52832_xxaa/nrf_log_frontend.c.o
 .group         0x0000000000000000        0xc _build/nrf52832_xxaa/nrf_log_frontend.c.o
 .group         0x0000000000000000        0xc _build/nrf52832_xxaa/nrf_log_frontend.c.o
 .group         0x0000000000000000        0xc _build/nrf52832_xxaa/nrf_log_frontend.c.o
 .group         0x0000000000000000        0xc _build/nrf52832_xxaa/nrf_log_frontend.c.o
 .group         0x0000000000000000        0xc _build/nrf52832_xxaa/nrf_log_frontend.c.o
 .group         0x0000000000000000        0xc _build/nrf52832_xxaa/nrf_log_frontend.c.o
 .group         0x0000000000000000        0xc _build/nrf52832_xxaa/nrf_log_frontend.c.o
 .group         0x0000000000000000        0xc _build/nrf52832_xxaa/nrf_log_frontend.c.o
 .group         0x0000000000000000        0xc _build/nrf52832_xxaa/nrf_log_frontend.c.o
 .group         0x0000000000000000        0xc _build/nrf52832_xxaa/nrf_log_frontend.c.o
 .group         0x0000000000000000        0xc _build/nrf52832_xxaa/nrf_log_frontend.c.o
 .group         0x0000000000000000        0xc _build/nrf52832_xxaa/nrf_log_frontend.c.o
 .group         0x0000000000000000        0xc _build/nrf52832_xxaa/nrf_log_frontend.c.o
[...]
Memory Configuration

Name             Origin             Length             Attributes
FLASH            0x0000000000000000 0x0000000000080000 xr
RAM              0x0000000020000000 0x0000000000010000 xrw
*default*        0x0000000000000000 0xffffffffffffffff

Linker script and memory map


.text           0x0000000000000000      0x728
 *(.isr_vector)
 .isr_vector    0x0000000000000000      0x200 _build/nrf52832_xxaa/gcc_startup_nrf52.S.o
                0x0000000000000000                __isr_vector
 *(.text*)
 .text          0x0000000000000200       0x40 /home/stha/src/gcc-arm-none-eabi-9-2020-q2-update/bin/../lib/gcc/arm-none-eabi/9.3.1/thumb/v7e-m+fp/hard/crtbegin.o
 .text          0x0000000000000240       0x7c /home/stha/src/gcc-arm-none-eabi-9-2020-q2-update/bin/../lib/gcc/arm-none-eabi/9.3.1/../../../../arm-none-eabi/lib/thumb/v7e-m+fp/hard/crt0.o
                0x0000000000000240                _stack_init
                0x0000000000000248                _mainCRTStartup
                0x0000000000000248                _start
 .text          0x00000000000002bc       0x3c _build/nrf52832_xxaa/gcc_startup_nrf52.S.o
                0x00000000000002bc                Reset_Handler
                0x00000000000002e4                NMI_Handler
                0x00000000000002e6                HardFault_Handler
                0x00000000000002e8                MemoryManagement_Handler
                0x00000000000002ea                BusFault_Handler
                0x00000000000002ec                UsageFault_Handler
                0x00000000000002ee                SVC_Handler
                0x00000000000002f0                DebugMon_Handler
                0x00000000000002f2                PendSV_Handler
                0x00000000000002f4                SysTick_Handler
                0x00000000000002f6                TIMER2_IRQHandler
                0x00000000000002f6                RTC0_IRQHandler
                0x00000000000002f6                SWI0_EGU0_IRQHandler
                0x00000000000002f6                SWI2_EGU2_IRQHandler
                0x00000000000002f6                GPIOTE_IRQHandler
                0x00000000000002f6                PWM1_IRQHandler
                0x00000000000002f6                POWER_CLOCK_IRQHandler
                0x00000000000002f6                RADIO_IRQHandler
                0x00000000000002f6                PDM_IRQHandler
                0x00000000000002f6                TEMP_IRQHandler
                0x00000000000002f6                QDEC_IRQHandler
                0x00000000000002f6                TIMER3_IRQHandler
                0x00000000000002f6                FPU_IRQHandler
                0x00000000000002f6                SPIM0_SPIS0_TWIM0_TWIS0_SPI0_TWI0_IRQHandler
                0x00000000000002f6                UARTE0_UART0_IRQHandler
                0x00000000000002f6                TIMER4_IRQHandler
                0x00000000000002f6                I2S_IRQHandler
                0x00000000000002f6                SWI4_EGU4_IRQHandler
                0x00000000000002f6                TIMER0_IRQHandler
                0x00000000000002f6                TIMER1_IRQHandler
                0x00000000000002f6                PWM2_IRQHandler
                0x00000000000002f6                ECB_IRQHandler
                0x00000000000002f6                SPIM1_SPIS1_TWIM1_TWIS1_SPI1_TWI1_IRQHandler
                0x00000000000002f6                Default_Handler
                0x00000000000002f6                SAADC_IRQHandler
                0x00000000000002f6                CCM_AAR_IRQHandler
                0x00000000000002f6                WDT_IRQHandler
                0x00000000000002f6                SWI5_EGU5_IRQHandler
                0x00000000000002f6                RNG_IRQHandler
                0x00000000000002f6                RTC2_IRQHandler
                0x00000000000002f6                PWM0_IRQHandler
                0x00000000000002f6                SWI3_EGU3_IRQHandler
                0x00000000000002f6                RTC1_IRQHandler
                0x00000000000002f6                SWI1_EGU1_IRQHandler
                0x00000000000002f6                SPIM2_SPIS2_SPI2_IRQHandler
                0x00000000000002f6                NFCT_IRQHandler
                0x00000000000002f6                MWU_IRQHandler
                0x00000000000002f6                COMP_LPCOMP_IRQHandler
 .text.startup.main
                0x00000000000002f8        0x4 _build/nrf52832_xxaa/main.c.o
                0x00000000000002f8                main
 .text.SystemInit
                0x00000000000002fc      0x37c _build/nrf52832_xxaa/system_nrf52.c.o
                0x00000000000002fc                SystemInit
 .text.exit     0x0000000000000678       0x28 /home/stha/src/gcc-arm-none-eabi-9-2020-q2-update/bin/../lib/gcc/arm-none-eabi/9.3.1/../../../../arm-none-eabi/lib/thumb/v7e-m+fp/hard/libc_nano.a(lib_a-exit.o)
                0x0000000000000678                exit
 .text.__libc_init_array
                0x00000000000006a0       0x48 /home/stha/src/gcc-arm-none-eabi-9-2020-q2-update/bin/../lib/gcc/arm-none-eabi/9.3.1/../../../../arm-none-eabi/lib/thumb/v7e-m+fp/hard/libc_nano.a(lib_a-init.o)
                0x00000000000006a0                __libc_init_array
 .text.memset   0x00000000000006e8       0x10 /home/stha/src/gcc-arm-none-eabi-9-2020-q2-update/bin/../lib/gcc/arm-none-eabi/9.3.1/../../../../arm-none-eabi/lib/thumb/v7e-m+fp/hard/libc_nano.a(lib_a-memset.o)
                0x00000000000006e8                memset
 .text._exit    0x00000000000006f8        0x4 /home/stha/src/gcc-arm-none-eabi-9-2020-q2-update/bin/../lib/gcc/arm-none-eabi/9.3.1/../../../../arm-none-eabi/lib/thumb/v7e-m+fp/hard/libnosys.a(_exit.o)
                0x00000000000006f8                _exit
 *(.init)
 .init          0x00000000000006fc        0x4 /home/stha/src/gcc-arm-none-eabi-9-2020-q2-update/bin/../lib/gcc/arm-none-eabi/9.3.1/thumb/v7e-m+fp/hard/crti.o
                0x00000000000006fc                _init
 .init          0x0000000000000700        0x8 /home/stha/src/gcc-arm-none-eabi-9-2020-q2-update/bin/../lib/gcc/arm-none-eabi/9.3.1/thumb/v7e-m+fp/hard/crtn.o
 *(.fini)
 .fini          0x0000000000000708        0x4 /home/stha/src/gcc-arm-none-eabi-9-2020-q2-update/bin/../lib/gcc/arm-none-eabi/9.3.1/thumb/v7e-m+fp/hard/crti.o
                0x0000000000000708                _fini
 .fini          0x000000000000070c        0x8 /home/stha/src/gcc-arm-none-eabi-9-2020-q2-update/bin/../lib/gcc/arm-none-eabi/9.3.1/thumb/v7e-m+fp/hard/crtn.o
 *crtbegin.o(.ctors)
 *crtbegin?.o(.ctors)
 *(EXCLUDE_FILE(*crtend.o *crtend?.o) .ctors)
 *(SORT_BY_NAME(.ctors.*))
 *(.ctors)
 *crtbegin.o(.dtors)
 *crtbegin?.o(.dtors)
 *(EXCLUDE_FILE(*crtend.o *crtend?.o) .dtors)
 *(SORT_BY_NAME(.dtors.*))
 *(.dtors)
 *(.rodata*)
 .rodata.CSWTCH.15
                0x0000000000000714        0x4 _build/nrf52832_xxaa/system_nrf52.c.o
 .rodata.CSWTCH.19
                0x0000000000000718        0x4 _build/nrf52832_xxaa/system_nrf52.c.o
 .rodata.CSWTCH.5
                0x000000000000071c        0x4 _build/nrf52832_xxaa/system_nrf52.c.o
 .rodata._global_impure_ptr
                0x0000000000000720        0x4 /home/stha/src/gcc-arm-none-eabi-9-2020-q2-update/bin/../lib/gcc/arm-none-eabi/9.3.1/../../../../arm-none-eabi/lib/thumb/v7e-m+fp/hard/libc_nano.a(lib_a-impure.o)
                0x0000000000000720                _global_impure_ptr
 *(.eh_frame*)
 .eh_frame      0x0000000000000724        0x0 /home/stha/src/gcc-arm-none-eabi-9-2020-q2-update/bin/../lib/gcc/arm-none-eabi/9.3.1/thumb/v7e-m+fp/hard/crtbegin.o
 .eh_frame      0x0000000000000724        0x4 /home/stha/src/gcc-arm-none-eabi-9-2020-q2-update/bin/../lib/gcc/arm-none-eabi/9.3.1/thumb/v7e-m+fp/hard/crtend.o

.glue_7         0x0000000000000728        0x0
 .glue_7        0x0000000000000728        0x0 linker stubs

.glue_7t        0x0000000000000728        0x0
 .glue_7t       0x0000000000000728        0x0 linker stubs

.vfp11_veneer   0x0000000000000728        0x0
 .vfp11_veneer  0x0000000000000728        0x0 linker stubs

.v4_bx          0x0000000000000728        0x0
 .v4_bx         0x0000000000000728        0x0 linker stubs

.iplt           0x0000000000000728        0x0
 .iplt          0x0000000000000728        0x0 /home/stha/src/gcc-arm-none-eabi-9-2020-q2-update/bin/../lib/gcc/arm-none-eabi/9.3.1/thumb/v7e-m+fp/hard/crtbegin.o

.mem_section_dummy_rom

.log_const_data
                0x0000000000000728        0x0
                [!provide]                        PROVIDE (__start_log_const_data = .)
 *(SORT_BY_NAME(.log_const_data*))
                [!provide]                        PROVIDE (__stop_log_const_data = .)

.log_backends   0x0000000000000728        0x0
                [!provide]                        PROVIDE (__start_log_backends = .)
 *(SORT_BY_NAME(.log_backends*))
                [!provide]                        PROVIDE (__stop_log_backends = .)

.nrf_balloc     0x0000000000000728        0x0
                [!provide]                        PROVIDE (__start_nrf_balloc = .)
 *(.nrf_balloc)
                [!provide]                        PROVIDE (__stop_nrf_balloc = .)

.ARM.extab
 *(.ARM.extab* .gnu.linkonce.armextab.*)
                0x0000000000000728                __exidx_start = .

.ARM.exidx      0x0000000000000728        0x8
 *(.ARM.exidx* .gnu.linkonce.armexidx.*)
 .ARM.exidx     0x0000000000000728        0x8 /home/stha/src/gcc-arm-none-eabi-9-2020-q2-update/bin/../lib/gcc/arm-none-eabi/9.3.1/../../../../arm-none-eabi/lib/thumb/v7e-m+fp/hard/crt0.o
                                         0x10 (size before relaxing)
                0x0000000000000730                __exidx_end = .

.rel.dyn        0x0000000000000730        0x0
 .rel.iplt      0x0000000000000730        0x0 /home/stha/src/gcc-arm-none-eabi-9-2020-q2-update/bin/../lib/gcc/arm-none-eabi/9.3.1/thumb/v7e-m+fp/hard/crtbegin.o
                0x0000000000000730                . = ALIGN (0x4)
                0x0000000000000730                __etext = .

.data           0x0000000020000000       0x6c load address 0x0000000000000730
                0x0000000020000000                __data_start__ = .
 *(vtable)
 *(.data*)
 .data.SystemCoreClock
                0x0000000020000000        0x4 _build/nrf52832_xxaa/system_nrf52.c.o
                0x0000000020000000                SystemCoreClock
 .data.impure_data
                0x0000000020000004       0x60 /home/stha/src/gcc-arm-none-eabi-9-2020-q2-update/bin/../lib/gcc/arm-none-eabi/9.3.1/../../../../arm-none-eabi/lib/thumb/v7e-m+fp/hard/libc_nano.a(lib_a-impure.o)
                0x0000000020000064                . = ALIGN (0x4)
                0x0000000020000064                PROVIDE (__preinit_array_start = .)
 *(.preinit_array)
                0x0000000020000064                PROVIDE (__preinit_array_end = .)
                0x0000000020000064                . = ALIGN (0x4)
                0x0000000020000064                PROVIDE (__init_array_start = .)
 *(SORT_BY_NAME(.init_array.*))
 *(.init_array)
 .init_array    0x0000000020000064        0x4 /home/stha/src/gcc-arm-none-eabi-9-2020-q2-update/bin/../lib/gcc/arm-none-eabi/9.3.1/thumb/v7e-m+fp/hard/crtbegin.o
                0x0000000020000068                PROVIDE (__init_array_end = .)
                0x0000000020000068                . = ALIGN (0x4)
                [!provide]                        PROVIDE (__fini_array_start = .)
 *(SORT_BY_NAME(.fini_array.*))
 *(.fini_array)
 .fini_array    0x0000000020000068        0x4 /home/stha/src/gcc-arm-none-eabi-9-2020-q2-update/bin/../lib/gcc/arm-none-eabi/9.3.1/thumb/v7e-m+fp/hard/crtbegin.o
                [!provide]                        PROVIDE (__fini_array_end = .)
 *(.jcr*)
                0x000000002000006c                . = ALIGN (0x4)
                0x000000002000006c                __data_end__ = .
LOAD /home/stha/src/gcc-arm-none-eabi-9-2020-q2-update/bin/../lib/gcc/arm-none-eabi/9.3.1/thumb/v7e-m+fp/hard/crti.o
LOAD /home/stha/src/gcc-arm-none-eabi-9-2020-q2-update/bin/../lib/gcc/arm-none-eabi/9.3.1/thumb/v7e-m+fp/hard/crtbegin.o
LOAD /home/stha/src/gcc-arm-none-eabi-9-2020-q2-update/bin/../lib/gcc/arm-none-eabi/9.3.1/../../../../arm-none-eabi/lib/thumb/v7e-m+fp/hard/crt0.o
LOAD _build/nrf52832_xxaa/gcc_startup_nrf52.S.o
LOAD _build/nrf52832_xxaa/nrf_log_frontend.c.o
LOAD _build/nrf52832_xxaa/nrf_log_str_formatter.c.o
LOAD _build/nrf52832_xxaa/boards.c.o
LOAD _build/nrf52832_xxaa/app_error.c.o
LOAD _build/nrf52832_xxaa/app_error_handler_gcc.c.o
LOAD _build/nrf52832_xxaa/app_error_weak.c.o
LOAD _build/nrf52832_xxaa/app_util_platform.c.o
LOAD _build/nrf52832_xxaa/nrf_assert.c.o
LOAD _build/nrf52832_xxaa/nrf_atomic.c.o
LOAD _build/nrf52832_xxaa/nrf_balloc.c.o
LOAD _build/nrf52832_xxaa/nrf_fprintf.c.o
LOAD _build/nrf52832_xxaa/nrf_fprintf_format.c.o
LOAD _build/nrf52832_xxaa/nrf_memobj.c.o
LOAD _build/nrf52832_xxaa/nrf_ringbuf.c.o
LOAD _build/nrf52832_xxaa/nrf_strerror.c.o
LOAD _build/nrf52832_xxaa/nrfx_atomic.c.o
LOAD _build/nrf52832_xxaa/main.c.o
LOAD _build/nrf52832_xxaa/system_nrf52.c.o
LOAD /home/stha/src/gcc-arm-none-eabi-9-2020-q2-update/bin/../lib/gcc/arm-none-eabi/9.3.1/../../../../arm-none-eabi/lib/thumb/v7e-m+fp/hard/libc_nano.a
LOAD /home/stha/src/gcc-arm-none-eabi-9-2020-q2-update/bin/../lib/gcc/arm-none-eabi/9.3.1/../../../../arm-none-eabi/lib/thumb/v7e-m+fp/hard/libnosys.a
LOAD /home/stha/src/gcc-arm-none-eabi-9-2020-q2-update/bin/../lib/gcc/arm-none-eabi/9.3.1/../../../../arm-none-eabi/lib/thumb/v7e-m+fp/hard/libm.a
START GROUP
LOAD /home/stha/src/gcc-arm-none-eabi-9-2020-q2-update/bin/../lib/gcc/arm-none-eabi/9.3.1/thumb/v7e-m+fp/hard/libgcc.a
LOAD /home/stha/src/gcc-arm-none-eabi-9-2020-q2-update/bin/../lib/gcc/arm-none-eabi/9.3.1/../../../../arm-none-eabi/lib/thumb/v7e-m+fp/hard/libg_nano.a
LOAD /home/stha/src/gcc-arm-none-eabi-9-2020-q2-update/bin/../lib/gcc/arm-none-eabi/9.3.1/../../../../arm-none-eabi/lib/thumb/v7e-m+fp/hard/libc_nano.a
END GROUP
START GROUP
LOAD /home/stha/src/gcc-arm-none-eabi-9-2020-q2-update/bin/../lib/gcc/arm-none-eabi/9.3.1/thumb/v7e-m+fp/hard/libgcc.a
LOAD /home/stha/src/gcc-arm-none-eabi-9-2020-q2-update/bin/../lib/gcc/arm-none-eabi/9.3.1/../../../../arm-none-eabi/lib/thumb/v7e-m+fp/hard/libc_nano.a
END GROUP
LOAD /home/stha/src/gcc-arm-none-eabi-9-2020-q2-update/bin/../lib/gcc/arm-none-eabi/9.3.1/thumb/v7e-m+fp/hard/crtend.o
LOAD /home/stha/src/gcc-arm-none-eabi-9-2020-q2-update/bin/../lib/gcc/arm-none-eabi/9.3.1/thumb/v7e-m+fp/hard/crtn.o
START GROUP
LOAD /home/stha/src/gcc-arm-none-eabi-9-2020-q2-update/bin/../lib/gcc/arm-none-eabi/9.3.1/thumb/v7e-m+fp/hard/libgcc.a
LOAD /home/stha/src/gcc-arm-none-eabi-9-2020-q2-update/bin/../lib/gcc/arm-none-eabi/9.3.1/../../../../arm-none-eabi/lib/thumb/v7e-m+fp/hard/libc.a
LOAD /home/stha/src/gcc-arm-none-eabi-9-2020-q2-update/bin/../lib/gcc/arm-none-eabi/9.3.1/../../../../arm-none-eabi/lib/thumb/v7e-m+fp/hard/libnosys.a
END GROUP

.igot.plt       0x000000002000006c        0x0 load address 0x000000000000079c
 .igot.plt      0x000000002000006c        0x0 /home/stha/src/gcc-arm-none-eabi-9-2020-q2-update/bin/../lib/gcc/arm-none-eabi/9.3.1/thumb/v7e-m+fp/hard/crtbegin.o
                0x000000002000006c                . = ALIGN (0x4)

.mem_section_dummy_ram

.log_dynamic_data
                0x000000002000006c        0x0
                [!provide]                        PROVIDE (__start_log_dynamic_data = .)
 *(SORT_BY_NAME(.log_dynamic_data*))
                [!provide]                        PROVIDE (__stop_log_dynamic_data = .)

.log_filter_data
                0x000000002000006c        0x0
                [!provide]                        PROVIDE (__start_log_filter_data = .)
 *(SORT_BY_NAME(.log_filter_data*))
                [!provide]                        PROVIDE (__stop_log_filter_data = .)

.bss            0x000000002000006c       0x1c load address 0x000000000000079c
                0x000000002000006c                . = ALIGN (0x4)
                0x000000002000006c                __bss_start__ = .
 *(.bss*)
 .bss           0x000000002000006c       0x1c /home/stha/src/gcc-arm-none-eabi-9-2020-q2-update/bin/../lib/gcc/arm-none-eabi/9.3.1/thumb/v7e-m+fp/hard/crtbegin.o
 *(COMMON)
                0x0000000020000088                . = ALIGN (0x4)
                0x0000000020000088                __bss_end__ = .

.heap           0x0000000020000088     0x2000
                0x0000000020000088                __HeapBase = .
                0x0000000020000088                __end__ = .
                [!provide]                        PROVIDE (end = .)
 *(.heap*)
 .heap          0x0000000020000088     0x2000 _build/nrf52832_xxaa/gcc_startup_nrf52.S.o
                0x0000000020002088                __HeapLimit = .

.stack_dummy    0x0000000020000088     0x2000
 *(.stack*)
 .stack         0x0000000020000088     0x2000 _build/nrf52832_xxaa/gcc_startup_nrf52.S.o
                0x0000000020010000                __StackTop = (ORIGIN (RAM) + LENGTH (RAM))
                0x000000002000e000                __StackLimit = (__StackTop - SIZEOF (.stack_dummy))
                0x0000000020010000                PROVIDE (__stack = __StackTop)
                0x0000000000000001                ASSERT ((__StackLimit >= __HeapLimit), region RAM overflowed with stack)
                0x000000000000006c                DataInitFlashUsed = (__bss_start__ - __data_start__)
                0x0000000000000730                CodeFlashUsed = (__etext - ORIGIN (FLASH))
                0x000000000000079c                TotalFlashUsed = (CodeFlashUsed + DataInitFlashUsed)
                0x0000000000000001                ASSERT ((TotalFlashUsed <= LENGTH (FLASH)), region FLASH overflowed with .data and user data)
OUTPUT(_build/nrf52832_xxaa.out elf32-littlearm)
LOAD linker stubs

.ARM.attributes
                0x0000000000000000       0x30
 .ARM.attributes
                0x0000000000000000       0x1e /home/stha/src/gcc-arm-none-eabi-9-2020-q2-update/bin/../lib/gcc/arm-none-eabi/9.3.1/thumb/v7e-m+fp/hard/crti.o
 .ARM.attributes
                0x000000000000001e       0x34 /home/stha/src/gcc-arm-none-eabi-9-2020-q2-update/bin/../lib/gcc/arm-none-eabi/9.3.1/thumb/v7e-m+fp/hard/crtbegin.o
 .ARM.attributes
                0x0000000000000052       0x1c /home/stha/src/gcc-arm-none-eabi-9-2020-q2-update/bin/../lib/gcc/arm-none-eabi/9.3.1/../../../../arm-none-eabi/lib/thumb/v7e-m+fp/hard/crt0.o
 .ARM.attributes
                0x000000000000006e       0x20 _build/nrf52832_xxaa/gcc_startup_nrf52.S.o
 .ARM.attributes
                0x000000000000008e       0x34 _build/nrf52832_xxaa/main.c.o
 .ARM.attributes
                0x00000000000000c2       0x34 _build/nrf52832_xxaa/system_nrf52.c.o
 .ARM.attributes
                0x00000000000000f6       0x34 /home/stha/src/gcc-arm-none-eabi-9-2020-q2-update/bin/../lib/gcc/arm-none-eabi/9.3.1/../../../../arm-none-eabi/lib/thumb/v7e-m+fp/hard/libc_nano.a(lib_a-exit.o)
 .ARM.attributes
                0x000000000000012a       0x32 /home/stha/src/gcc-arm-none-eabi-9-2020-q2-update/bin/../lib/gcc/arm-none-eabi/9.3.1/../../../../arm-none-eabi/lib/thumb/v7e-m+fp/hard/libc_nano.a(lib_a-impure.o)
 .ARM.attributes
                0x000000000000015c       0x34 /home/stha/src/gcc-arm-none-eabi-9-2020-q2-update/bin/../lib/gcc/arm-none-eabi/9.3.1/../../../../arm-none-eabi/lib/thumb/v7e-m+fp/hard/libc_nano.a(lib_a-init.o)
 .ARM.attributes
                0x0000000000000190       0x34 /home/stha/src/gcc-arm-none-eabi-9-2020-q2-update/bin/../lib/gcc/arm-none-eabi/9.3.1/../../../../arm-none-eabi/lib/thumb/v7e-m+fp/hard/libc_nano.a(lib_a-memset.o)
 .ARM.attributes
                0x00000000000001c4       0x34 /home/stha/src/gcc-arm-none-eabi-9-2020-q2-update/bin/../lib/gcc/arm-none-eabi/9.3.1/../../../../arm-none-eabi/lib/thumb/v7e-m+fp/hard/libnosys.a(_exit.o)
 .ARM.attributes
                0x00000000000001f8       0x32 /home/stha/src/gcc-arm-none-eabi-9-2020-q2-update/bin/../lib/gcc/arm-none-eabi/9.3.1/thumb/v7e-m+fp/hard/crtend.o
 .ARM.attributes
                0x000000000000022a       0x1e /home/stha/src/gcc-arm-none-eabi-9-2020-q2-update/bin/../lib/gcc/arm-none-eabi/9.3.1/thumb/v7e-m+fp/hard/crtn.o

.comment        0x0000000000000000       0x4c
 .comment       0x0000000000000000       0x4c _build/nrf52832_xxaa/main.c.o
                                         0x4d (size before relaxing)
 .comment       0x000000000000004c       0x4d _build/nrf52832_xxaa/system_nrf52.c.o

.debug_line     0x0000000000000000      0xd01
 .debug_line    0x0000000000000000       0x86 _build/nrf52832_xxaa/gcc_startup_nrf52.S.o
 .debug_line    0x0000000000000086      0x322 _build/nrf52832_xxaa/main.c.o
 .debug_line    0x00000000000003a8      0x959 _build/nrf52832_xxaa/system_nrf52.c.o

.debug_info     0x0000000000000000     0x1611
 .debug_info    0x0000000000000000       0x26 _build/nrf52832_xxaa/gcc_startup_nrf52.S.o
 .debug_info    0x0000000000000026       0xd4 _build/nrf52832_xxaa/main.c.o
 .debug_info    0x00000000000000fa     0x1517 _build/nrf52832_xxaa/system_nrf52.c.o

.debug_abbrev   0x0000000000000000      0x305
 .debug_abbrev  0x0000000000000000       0x14 _build/nrf52832_xxaa/gcc_startup_nrf52.S.o
 .debug_abbrev  0x0000000000000014       0x85 _build/nrf52832_xxaa/main.c.o
 .debug_abbrev  0x0000000000000099      0x26c _build/nrf52832_xxaa/system_nrf52.c.o

.debug_aranges  0x0000000000000000       0x68
 .debug_aranges
                0x0000000000000000       0x20 _build/nrf52832_xxaa/gcc_startup_nrf52.S.o
 .debug_aranges
                0x0000000000000020       0x20 _build/nrf52832_xxaa/main.c.o
 .debug_aranges
                0x0000000000000040       0x28 _build/nrf52832_xxaa/system_nrf52.c.o

.debug_str      0x0000000000000000    0x5d982
 .debug_str     0x0000000000000000       0x8c _build/nrf52832_xxaa/gcc_startup_nrf52.S.o
 .debug_str     0x000000000000008c    0x5d297 _build/nrf52832_xxaa/main.c.o
                                      0x5dd2d (size before relaxing)
 .debug_str     0x000000000005d323      0x65f _build/nrf52832_xxaa/system_nrf52.c.o
                                      0x5e392 (size before relaxing)

.debug_ranges   0x0000000000000000      0x108
 .debug_ranges  0x0000000000000000       0x10 _build/nrf52832_xxaa/main.c.o
 .debug_ranges  0x0000000000000010       0xf8 _build/nrf52832_xxaa/system_nrf52.c.o

.debug_macro    0x0000000000000000      0x229
 .debug_macro   0x0000000000000000       0xf7 _build/nrf52832_xxaa/main.c.o
 .debug_macro   0x00000000000000f7      0x132 _build/nrf52832_xxaa/system_nrf52.c.o

.debug_frame    0x0000000000000000       0xf4
 .debug_frame   0x0000000000000000       0x20 _build/nrf52832_xxaa/main.c.o
 .debug_frame   0x0000000000000020       0x40 _build/nrf52832_xxaa/system_nrf52.c.o
 .debug_frame   0x0000000000000060       0x28 /home/stha/src/gcc-arm-none-eabi-9-2020-q2-update/bin/../lib/gcc/arm-none-eabi/9.3.1/../../../../arm-none-eabi/lib/thumb/v7e-m+fp/hard/libc_nano.a(lib_a-exit.o)
 .debug_frame   0x0000000000000088       0x2c /home/stha/src/gcc-arm-none-eabi-9-2020-q2-update/bin/../lib/gcc/arm-none-eabi/9.3.1/../../../../arm-none-eabi/lib/thumb/v7e-m+fp/hard/libc_nano.a(lib_a-init.o)
 .debug_frame   0x00000000000000b4       0x20 /home/stha/src/gcc-arm-none-eabi-9-2020-q2-update/bin/../lib/gcc/arm-none-eabi/9.3.1/../../../../arm-none-eabi/lib/thumb/v7e-m+fp/hard/libc_nano.a(lib_a-memset.o)
 .debug_frame   0x00000000000000d4       0x20 /home/stha/src/gcc-arm-none-eabi-9-2020-q2-update/bin/../lib/gcc/arm-none-eabi/9.3.1/../../../../arm-none-eabi/lib/thumb/v7e-m+fp/hard/libnosys.a(_exit.o)

.debug_loc      0x0000000000000000      0x4b2
 .debug_loc     0x0000000000000000      0x4b2 _build/nrf52832_xxaa/system_nrf52.c.o
